// Jest Snapshot v1, https://goo.gl/fbAQLP

exports[`CircularProgressBar should match snapshot 1`] = `
<div
  class="sc-3782deb7-0 gTtqYG"
>
  <svg
    aria-label="Progress Bar"
    aria-valuemax="100"
    aria-valuemin="0"
    aria-valuenow="50"
    height="74"
    role="progressbar"
    version="1.1"
    viewBox="0 0 100 100"
    width="74"
    xmlns="http://www.w3.org/2000/svg"
  >
    <circle
      class="sc-3782deb7-1 poyps"
      cx="50"
      cy="50"
      r="41"
      stroke-width="9"
    />
    <circle
      class="sc-3782deb7-1 sc-3782deb7-2 poyps bplCss"
      cx="50"
      cy="50"
      data-testid="progress-bar-bar"
      r="41"
      stroke-dasharray="257.610597594363 257.610597594363"
      stroke-dashoffset="128.8052987971815"
      stroke-width="9"
    />
  </svg>
  <div
    class="sc-3782deb7-3 liFQok"
    data-testid="progress-bar-text"
  >
    50
    <span
      class="sc-3782deb7-4 bRVHYS"
    >
      %
    </span>
  </div>
</div>
`;
